// Jest Snapshot v1, https://goo.gl/fbAQLP

exports[`Card Should match the snapshot 1`] = `
<div
  className="card mt-4"
>
  <div
    className="card-header"
  >
    <h3>
      <strong />
    </h3>
  </div>
  <div
    className="card-body"
  />
</div>
`;
