// Jest Snapshot v1, https://goo.gl/fbAQLP

exports[`Error page Should match the snapshot 1`] = `
<div>
  <h1>
    404 - Not Found!
  </h1>
</div>
`;
